mutation {
  createOneCategory(
  category: {
    title: "with user",
    color: "new rel",
    icon: "new rel icon"
	}
  ) 
	{
    id
    title
    color
    createdBy {
      id
      displayName
      updatedAt
    }
    createdAt
  }
}

{
  "data": {
    "createOneCategory": {
      "id": "32",
      "title": "with user",
      "color": "new rel",
      "createdBy": {
        "id": "2",
        "displayName": "kara",
        "updatedAt": "2023-08-20T06:23:46.119811+00:00"
      },
      "createdAt": "2023-08-20T22:59:54.571028+00:00"
    }
  }
}