mutation {
  createManyCategories(
  categories: [{
    title: "with user",
    color: "new rel",
    icon: "new rel icon"
  },
  {
    title: "withdsdf user",
    color: "new rel",
    icon: "new rel icon"
  }]
  ) 
	{
    id
    title
    color
    createdBy {
      id
      displayName
      updatedAt
    }
    createdAt
  }
}

{
  "data": {
    "createManyCategories": [
      {
        "id": "35",
        "title": "withdsdf user",
        "color": "new rel",
        "createdBy": {
          "id": "2",
          "displayName": "kara",
          "updatedAt": "2023-08-20T06:23:46.119811+00:00"
        },
        "createdAt": "2023-08-20T23:01:43.810196+00:00"
      },
      {
        "id": "34",
        "title": "with user",
        "color": "new rel",
        "createdBy": {
          "id": "2",
          "displayName": "kara",
          "updatedAt": "2023-08-20T06:23:46.119811+00:00"
        },
        "createdAt": "2023-08-20T23:01:43.736014+00:00"
      }
    ]
  }
}