mutation {
  createOneEntry(entry: { color: "red", title: "New Entry", icon: "icon-url" }) {
    id
    title
    color
    icon
  }

  createManyEntries(entries: [
    { color: "red", title: "Entry 1", icon: "icon-url-1" },
    { color: "blue", title: "Entry 2", icon: "icon-url-2" },
    { color: "green", title: "Entry 3", icon: "icon-url-3" }
  ]) {
    id
    title
    color
    icon
  }

  updateOneEntry(entry: { id: "64c411baf6146e6a1e9d121e", title: "Updated Title" }) 

  deleteOneEntry(id: "64c411bcf6146e6a1e9d121f")

  deleteManyEntries(id: ["64c411bcf6146e6a1e9d1220", "64c413128b96f11ae188538a"])  
}

{
  "data": {
    "createOneEntry": {
      "id": "64c46d1805f0148406bdacae",
      "title": "New Entry",
      "color": "red",
      "icon": "icon-url"
    },
    "createManyEntries": [
      {
        "id": "64c46d1805f0148406bdacaf",
        "title": "Entry 1",
        "color": "red",
        "icon": "icon-url-1"
      },
      {
        "id": "64c46d1805f0148406bdacb0",
        "title": "Entry 2",
        "color": "blue",
        "icon": "icon-url-2"
      },
      {
        "id": "64c46d1805f0148406bdacb1",
        "title": "Entry 3",
        "color": "green",
        "icon": "icon-url-3"
      }
    ],
    "updateOneEntry": 1,
    "deleteOneEntry": 1,
    "deleteManyEntries": 2
  }
}